[flexcode.xyz/yufa/theme-dark/home-1_dark.html]
[flexcode.xyz/yufa/assets/Images/fav-icon/fav-icon.png]
[flexcode.xyz/yufa/css/vendors/bootstrap.min.css]
[flexcode.xyz/yufa/css/vendors/jquery.fancybox.min.css]
[flexcode.xyz/yufa/css/vendors/animate.css]
[flexcode.xyz/yufa/css/vendors/swiper.min.css]
[flexcode.xyz/yufa/css/vendors/splitting.css]
[flexcode.xyz/yufa/css/vendors/all.min.css]
[backblue.gif]
[fade.gif]
[index.html]
[flexcode.xyz/yufa/css/main-LTR-1.css]
[flexcode.xyz/yufa/assets/Images/logo/logo-light-wide.png]
[flexcode.xyz/yufa/assets/Images/logo/logo-dark-wide.png]
[flexcode.xyz/yufa/theme-dark/home-2_dark.html]
[flexcode.xyz/yufa/theme-dark/home-3_dark.html]
[flexcode.xyz/yufa/theme-dark/home-4_dark.html]
[flexcode.xyz/yufa/theme-dark/home-5_dark.html]
[flexcode.xyz/yufa/theme-dark/home-6_dark.html]
[flexcode.xyz/yufa/theme-dark/home-7_dark.html]
[flexcode.xyz/yufa/theme-dark/home-8_dark.html]
[flexcode.xyz/yufa/theme-dark/home-9_dark.html]
[flexcode.xyz/yufa/theme-dark/home-10_dark.html]
[flexcode.xyz/yufa/theme-dark/home-11_dark.html]
[flexcode.xyz/yufa/theme-dark/home-12_dark.html]
[flexcode.xyz/yufa/theme-dark/about-us_dark.html]
[flexcode.xyz/yufa/theme-dark/portfolio-rounded-with-gabs_dark.html]
[flexcode.xyz/yufa/theme-dark/portfolio-squared-with-gabs_dark.html]
[flexcode.xyz/yufa/theme-dark/portfolio-squared-no-gabs_dark.html]
[flexcode.xyz/yufa/theme-dark/portfolio-slider_dark.html]
[flexcode.xyz/yufa/theme-dark/portfolio-single_dark.html]
[flexcode.xyz/yufa/theme-dark/blog-home-1-col_dark.html]
[flexcode.xyz/yufa/theme-dark/blog-home-2-col_dark.html]
[flexcode.xyz/yufa/theme-dark/blog-home-3-col_dark.html]
[flexcode.xyz/yufa/theme-dark/post-single-featured-image_dark.html]
[flexcode.xyz/yufa/theme-dark/post-single-featured-slider_dark.html]
[flexcode.xyz/yufa/theme-dark/post-single-featured-video_dark.html]
[flexcode.xyz/yufa/theme-dark/pricing-1_dark.html]
[flexcode.xyz/yufa/theme-dark/pricing-2_dark.html]
[flexcode.xyz/yufa/theme-dark/pricing-3_dark.html]
[flexcode.xyz/yufa/theme-dark/features_dark.html]
[flexcode.xyz/yufa/theme-dark/testimonials_dark.html]
[flexcode.xyz/yufa/theme-dark/clients_dark.html]
[flexcode.xyz/yufa/theme-dark/faq_dark.html]
[flexcode.xyz/yufa/theme-dark/contact-us_dark.html]
[flexcode.xyz/yufa/theme-dark/404-1_dark.html]
[flexcode.xyz/yufa/theme-dark/404-2_dark.html]
[flexcode.xyz/yufa/theme-dark/404-3_dark.html]
[flexcode.xyz/yufa/theme-dark/sign-in_dark.html]
[flexcode.xyz/yufa/theme-dark/sign-up_dark.html]
[flexcode.xyz/yufa/assets/images/hero/hero-slider-bg-img-1.jpg]
[flexcode.xyz/yufa/assets/images/hero/hero-slider-bg-img-2.jpg]
[flexcode.xyz/yufa/assets/images/hero/hero-slider-bg-img-3.jpg]
[flexcode.xyz/yufa/assets/images/features/1.png]
[flexcode.xyz/yufa/assets/images/features/2.png]
[flexcode.xyz/yufa/assets/images/features/3.png]
[flexcode.xyz/yufa/assets/images/features/4.png]
[flexcode.xyz/yufa/assets/images/features/5.png]
[flexcode.xyz/yufa/assets/images/features/6.png]
[flexcode.xyz/yufa/assets/Images/about/about-1_photo.jpg]
[flexcode.xyz/yufa/assets/Images/about/about-2_photo.jpg]
[flexcode.xyz/yufa/assets/Images/portfolio/1.jpg]
[flexcode.xyz/yufa/assets/Images/portfolio/thumbs/1.jpg]
[flexcode.xyz/yufa/assets/Images/portfolio/2.jpg]
[flexcode.xyz/yufa/assets/Images/portfolio/thumbs/2.jpg]
[flexcode.xyz/yufa/assets/Images/portfolio/3.jpg]
[flexcode.xyz/yufa/assets/Images/portfolio/thumbs/3.jpg]
[flexcode.xyz/yufa/assets/Images/portfolio/4.jpg]
[flexcode.xyz/yufa/assets/Images/portfolio/thumbs/4.jpg]
[flexcode.xyz/yufa/assets/Images/portfolio/5.jpg]
[flexcode.xyz/yufa/assets/Images/portfolio/thumbs/5.jpg]
[flexcode.xyz/yufa/assets/Images/portfolio/6.jpg]
[flexcode.xyz/yufa/assets/Images/portfolio/thumbs/6.jpg]
[flexcode.xyz/yufa/assets/Images/our-team/1.jpg]
[flexcode.xyz/yufa/assets/Images/our-team/2.jpg]
[flexcode.xyz/yufa/assets/Images/our-team/3.jpg]
[flexcode.xyz/yufa/assets/Images/clients-logos/1-white.png]
[flexcode.xyz/yufa/assets/Images/clients-logos/2-white.png]
[flexcode.xyz/yufa/assets/Images/clients-logos/3-white.png]
[flexcode.xyz/yufa/assets/Images/clients-logos/4-white.png]
[flexcode.xyz/yufa/assets/Images/clients-logos/5-white.png]
[flexcode.xyz/yufa/assets/Images/clients-logos/6-white.png]
[flexcode.xyz/yufa/assets/Images/clients-logos/7-white.png]
[flexcode.xyz/yufa/assets/images/testimonials/1.jpg]
[flexcode.xyz/yufa/assets/images/testimonials/2.jpg]
[flexcode.xyz/yufa/assets/images/testimonials/3.jpg]
[flexcode.xyz/yufa/assets/images/blog/post-images/1.jpg]
[flexcode.xyz/yufa/assets/images/blog/post-images/2.jpg]
[flexcode.xyz/yufa/assets/images/blog/post-images/3.jpg]
[flexcode.xyz/yufa/js/vendors/jquery-3.4.1.min.js]
[flexcode.xyz/yufa/js/vendors/bootstrap.bundle.min.js]
[flexcode.xyz/yufa/js/vendors/jquery.fancybox.min.js]
[flexcode.xyz/yufa/js/vendors/jquery.countTo.js]
[flexcode.xyz/yufa/js/vendors/wow.min.js]
[flexcode.xyz/yufa/js/vendors/swiper.min.js]
[flexcode.xyz/yufa/js/vendors/splitting.min.js]
[flexcode.xyz/yufa/js/vendors/isotope-min.js]
[flexcode.xyz/yufa/theme-dark/home-1_dark.html]
[flexcode.xyz/yufa/css/vendors/bootstrap.min.css]
[flexcode.xyz/yufa/css/vendors/jquery.fancybox.min.css]
[flexcode.xyz/yufa/css/vendors/animate.css]
[flexcode.xyz/yufa/css/vendors/swiper.min.css]
[flexcode.xyz/yufa/css/vendors/splitting.css]
[flexcode.xyz/yufa/css/vendors/all.min.css]
[flexcode.xyz/yufa/js/main.js]
[flexcode.xyz/yufa/assets/Images/patterns/dots-pattern-black.png]
[flexcode.xyz/yufa/assets/Images/hero/hero-img-1.jpg]
[flexcode.xyz/yufa/assets/Images/hero/shapes-bg.png]
[flexcode.xyz/yufa/assets/Images/hero/shapes-bg-small.png]
[flexcode.xyz/yufa/assets/Images/hero/inner-page-hero.jpg]
[flexcode.xyz/yufa/assets/Images/sections-bg-images/stats-bg.jpg]
[flexcode.xyz/yufa/assets/Images/sections-bg-images/video-bg.jpg]
[flexcode.xyz/yufa/assets/Images/hero/hero-img-4.jpg]
[flexcode.xyz/yufa/assets/Images/demos/index-hero-bg.jpg]
[flexcode.xyz/yufa/assets/Images/patterns/dots-pattern-white.png]
[flexcode.xyz/yufa/css/main-LTR-1.css]
[flexcode.xyz/yufa/assets/images/hero/hero-illustration-1-parts/part-1.png]
[flexcode.xyz/yufa/assets/images/hero/hero-illustration-1-parts/part-2.png]
[flexcode.xyz/yufa/assets/images/hero/hero-illustration-1-parts/part-3.png]
[flexcode.xyz/yufa/assets/images/hero/hero-illustration-1-parts/part-4.png]
[flexcode.xyz/yufa/assets/images/hero/hero-illustration-1-parts/part-5.png]
[flexcode.xyz/yufa/theme-dark/home-2_dark.html]
[flexcode.xyz/yufa/assets/images/hero/hero-illustration-2.png]
[flexcode.xyz/yufa/theme-dark/home-3_dark.html]
[flexcode.xyz/yufa/assets/Images/about/about-photo-wide-1.jpg]
[flexcode.xyz/yufa/assets/Images/about/icon-1.png]
[flexcode.xyz/yufa/assets/Images/about/icon-2.png]
[flexcode.xyz/yufa/assets/Images/about/icon-3.png]
[flexcode.xyz/yufa/assets/Images/about/about-photo-wide-2.jpg]
[flexcode.xyz/yufa/theme-dark/home-4_dark.html]
[flexcode.xyz/yufa/css/vendors/vegas.min.css]
[flexcode.xyz/yufa/assets/Images/hero/vegas-slider/3.jpg]
[flexcode.xyz/yufa/assets/Images/about/about-1_illustration.png]
[flexcode.xyz/yufa/assets/Images/about/about-2_illustration.png]
[flexcode.xyz/yufa/theme-dark/home-5_dark.html]
[flexcode.xyz/yufa/js/vendors/vegas.min.js]
[flexcode.xyz/yufa/assets/images/hero/hero-illustration-4.png]
[flexcode.xyz/yufa/theme-dark/home-6_dark.html]
[flexcode.xyz/yufa/theme-dark/home-7_dark.html]
[flexcode.xyz/yufa/assets/images/hero/hero-illustration-3.png]
[flexcode.xyz/yufa/theme-dark/home-8_dark.html]
[flexcode.xyz/yufa/assets/images/hero/hero-img-5.jpg]
[flexcode.xyz/yufa/theme-dark/home-9_dark.html]
[flexcode.xyz/yufa/assets/images/hero/hero-img-6.jpg]
[flexcode.xyz/yufa/theme-dark/home-10_dark.html]
[flexcode.xyz/yufa/js/vendors/particles.min.js]
[flexcode.xyz/yufa/js/vendors/app.js]
[flexcode.xyz/yufa/theme-dark/home-11_dark.html]
[flexcode.xyz/yufa/theme-dark/home-12_dark.html]
[flexcode.xyz/yufa/assets/images/faq/faq_photo.jpg]
[flexcode.xyz/yufa/theme-dark/about-us_dark.html]
[flexcode.xyz/yufa/theme-dark/portfolio-rounded-with-gabs_dark.html]
[flexcode.xyz/yufa/theme-dark/portfolio-squared-with-gabs_dark.html]
[flexcode.xyz/yufa/theme-dark/portfolio-squared-no-gabs_dark.html]
[flexcode.xyz/yufa/theme-dark/portfolio-slider_dark.html]
[flexcode.xyz/yufa/assets/images/portfolio-single/feat-image.jpg]
[flexcode.xyz/yufa/assets/images/portfolio-single/charts.png]
[flexcode.xyz/yufa/theme-dark/portfolio-single_dark.html]
[flexcode.xyz/yufa/assets/images/blog/recent-posts/1.jpg]
[flexcode.xyz/yufa/assets/images/blog/recent-posts/2.jpg]
[flexcode.xyz/yufa/assets/images/blog/recent-posts/3.jpg]
[flexcode.xyz/yufa/assets/images/blog/recent-posts/4.jpg]
[flexcode.xyz/yufa/theme-dark/blog-home-1-col_dark.html]
[flexcode.xyz/yufa/assets/images/blog/post-images/4.jpg]
[flexcode.xyz/yufa/theme-dark/blog-home-2-col_dark.html]
[flexcode.xyz/yufa/assets/images/blog/post-images/5.jpg]
[flexcode.xyz/yufa/assets/images/blog/post-images/6.jpg]
[flexcode.xyz/yufa/theme-dark/blog-home-3-col_dark.html]
[flexcode.xyz/yufa/assets/images/blog/post-images/feat-img-2.jpg]
[flexcode.xyz/yufa/assets/images/blog/avatars/1.jpg]
[flexcode.xyz/yufa/assets/images/blog/avatars/2.jpg]
[flexcode.xyz/yufa/assets/images/blog/avatars/3.jpg]
[flexcode.xyz/yufa/assets/images/blog/avatars/4.jpg]
[flexcode.xyz/yufa/theme-dark/post-single-featured-image_dark.html]
[flexcode.xyz/yufa/assets/images/blog/post-images/feat-img-1.jpg]
[flexcode.xyz/yufa/assets/images/blog/post-images/feat-img-3.jpg]
[flexcode.xyz/yufa/theme-dark/post-single-featured-slider_dark.html]
[flexcode.xyz/yufa/theme-dark/post-single-featured-video_dark.html]
[flexcode.xyz/yufa/theme-dark/pricing-1_dark.html]
[flexcode.xyz/yufa/theme-dark/pricing-2_dark.html]
[flexcode.xyz/yufa/assets/Images/benefits/benefits-1.jpg]
[flexcode.xyz/yufa/theme-dark/pricing-3_dark.html]
[flexcode.xyz/yufa/theme-dark/features_dark.html]
[flexcode.xyz/yufa/theme-dark/testimonials_dark.html]
[flexcode.xyz/yufa/theme-dark/clients_dark.html]
[flexcode.xyz/yufa/theme-dark/faq_dark.html]
[flexcode.xyz/yufa/theme-dark/contact-us_dark.html]
[flexcode.xyz/yufa/theme-dark/404-1_dark.html]
[flexcode.xyz/yufa/theme-dark/404-2_dark.html]
[flexcode.xyz/yufa/assets/Images/404/1.png]
[flexcode.xyz/yufa/theme-dark/404-3_dark.html]
[flexcode.xyz/yufa/theme-dark/sign-in_dark.html]
[flexcode.xyz/yufa/theme-dark/sign-up_dark.html]
[flexcode.xyz/yufa/css/vendors/overlays/02.92.delayed]
[flexcode.xyz/yufa/css/vendors/vegas.min.css]
[flexcode.xyz/yufa/css/vendors/overlays/02.html]
